// Jest Snapshot v1, https://goo.gl/fbAQLP

exports[`selectors - as a function returning a object 1`] = `
"export interface logicType extends Logic {
    actionCreators: {
        updateName: (name: string) => ({
            type: \\"update name (logic)\\";
            payload: {
                name: string;
            };
        });
        updateOtherName: (otherName: string) => ({
            type: \\"update other name (logic)\\";
            payload: {
                otherName: string;
            };
        });
    };
    actionKeys: {
        \\"update name (logic)\\": \\"updateName\\";
        \\"update other name (logic)\\": \\"updateOtherName\\";
    };
    actionTypes: {
        updateName: \\"update name (logic)\\";
        updateOtherName: \\"update other name (logic)\\";
    };
    actions: {
        updateName: (name: string) => void;
        updateOtherName: (otherName: string) => void;
    };
    constants: {};
    defaults: {
        name: string;
        otherName: any;
    };
    events: {};
    key: undefined;
    listeners: {};
    path: [\\"logic\\"];
    pathString: \\"logic\\";
    props: Record<string, unknown>;
    reducer: (state: any, action: () => any, fullState: any) => {
        name: string;
        otherName: any;
    };
    reducerOptions: {};
    reducers: {
        name: (state: string, action: any, fullState: any) => string;
        otherName: (state: any, action: any, fullState: any) => any;
    };
    selector: (state: any) => {
        name: string;
        otherName: any;
    };
    selectors: {
        name: (state: any, props?: any) => string;
        otherName: (state: any, props?: any) => any;
        upperName: (state: any, props?: any) => string;
        combinedLength: (state: any, props?: any) => number;
    };
    sharedListeners: {};
    values: {
        name: string;
        otherName: any;
        upperName: string;
        combinedLength: number;
    };
    _isKea: true;
    _isKeaWithKey: false;
}"
`;

exports[`selectors - as an object 1`] = `
"export interface logicType extends Logic {
    actionCreators: {
        updateName: (name: string) => ({
            type: \\"update name (logic)\\";
            payload: {
                name: string;
            };
        });
        updateOtherName: (otherName: string) => ({
            type: \\"update other name (logic)\\";
            payload: {
                otherName: string;
            };
        });
    };
    actionKeys: {
        \\"update name (logic)\\": \\"updateName\\";
        \\"update other name (logic)\\": \\"updateOtherName\\";
    };
    actionTypes: {
        updateName: \\"update name (logic)\\";
        updateOtherName: \\"update other name (logic)\\";
    };
    actions: {
        updateName: (name: string) => void;
        updateOtherName: (otherName: string) => void;
    };
    constants: {};
    defaults: {
        name: string;
        otherName: any;
    };
    events: {};
    key: undefined;
    listeners: {};
    path: [\\"logic\\"];
    pathString: \\"logic\\";
    props: Record<string, unknown>;
    reducer: (state: any, action: () => any, fullState: any) => {
        name: string;
        otherName: any;
    };
    reducerOptions: {};
    reducers: {
        name: (state: string, action: any, fullState: any) => string;
        otherName: (state: any, action: any, fullState: any) => any;
    };
    selector: (state: any) => {
        name: string;
        otherName: any;
    };
    selectors: {
        name: (state: any, props?: any) => string;
        otherName: (state: any, props?: any) => any;
        upperName: (state: any, props?: any) => string;
        combinedLength: (state: any, props?: any) => number;
    };
    sharedListeners: {};
    values: {
        name: string;
        otherName: any;
        upperName: string;
        combinedLength: number;
    };
    _isKea: true;
    _isKeaWithKey: false;
}"
`;

exports[`selectors - with a function 1`] = `
"export interface logicType extends Logic {
    actionCreators: {
        updateName: (name: string) => ({
            type: \\"update name (logic)\\";
            payload: {
                name: string;
            };
        });
        updateOtherName: (otherName: string) => ({
            type: \\"update other name (logic)\\";
            payload: {
                otherName: string;
            };
        });
    };
    actionKeys: {
        \\"update name (logic)\\": \\"updateName\\";
        \\"update other name (logic)\\": \\"updateOtherName\\";
    };
    actionTypes: {
        updateName: \\"update name (logic)\\";
        updateOtherName: \\"update other name (logic)\\";
    };
    actions: {
        updateName: (name: string) => void;
        updateOtherName: (otherName: string) => void;
    };
    constants: {};
    defaults: {
        name: string;
        otherName: any;
    };
    events: {};
    key: undefined;
    listeners: {};
    path: [\\"logic\\"];
    pathString: \\"logic\\";
    props: Record<string, unknown>;
    reducer: (state: any, action: () => any, fullState: any) => {
        name: string;
        otherName: any;
    };
    reducerOptions: {};
    reducers: {
        name: (state: string, action: any, fullState: any) => string;
        otherName: (state: any, action: any, fullState: any) => any;
    };
    selector: (state: any) => {
        name: string;
        otherName: any;
    };
    selectors: {
        name: (state: any, props?: any) => string;
        otherName: (state: any, props?: any) => any;
        upperName: (state: any, props?: any) => string;
        combinedLength: (state: any, props?: any) => number;
    };
    sharedListeners: {};
    values: {
        name: string;
        otherName: any;
        upperName: string;
        combinedLength: number;
    };
    _isKea: true;
    _isKeaWithKey: false;
}"
`;
